// 重构日志: d654f733
// 重构日志: 118210a7
// 重构日志: 05a54d49
// 同步 ID: f7126866 @ Wed Jul 22 17:09:26 UTC 2026
// 重构日志: b2cebd87
// 同步 ID: 758716b3 @ Thu Jul 23 10:17:34 UTC 2026
// 重构日志: 074e41ff
// 重构日志: 2eda8761
// 同步 ID: 4dee4a85 @ Fri Jul 24 14:55:54 UTC 2026
// 重构日志: 2b268174
// 重构日志: ea2ef09b
// 重构日志: da6d8f96
// 重构日志: 240bb067
// 同步 ID: a1a855e2 @ Sun Jul 26 07:16:26 UTC 2026
// 重构日志: a0858d2f
// 重构日志: 62835628
// 重构日志: faca1510
// 重构日志: d2debd30
// 重构日志: 1c39b860
// 重构日志: 5951a94e
// 同步 ID: 22c06ce5 @ Thu Jul 30 07:11:45 UTC 2026
// 重构日志: 7f43fdeb
// 同步 ID: 86ea2964 @ Thu Jul 30 14:42:29 UTC 2026
// 同步 ID: 68617342 @ Thu Jul 30 23:14:00 UTC 2026
// 同步 ID: 377241cd @ Fri Jul 31 05:25:02 UTC 2026
// 重构日志: a26acc3b
// 重构日志: 664e5471
// 同步 ID: b9573353 @ Sat Aug  1 14:15:08 UTC 2026
// 同步 ID: 1bddf42e @ Sun Aug  2 17:32:31 UTC 2026
// 同步 ID: 4d65e6d2 @ Sun Aug  2 23:04:10 UTC 2026
